18:12:08 **** Incremental Build of configuration Debug for project AA ****
Info: Internal Builder is used for build
arm-atollic-eabi-gcc -c ..\src\main.c -mthumb -mcpu=cortex-m4 -mfloat-abi=hard -mfpu=fpv4-sp-d16 -std=gnu11 -DSTM32F4XX -DSTM32F40XX -DUSE_STDPERIPH_DRIVER -DHSE_VALUE=8000000 -I../src -I../Libraries/CMSIS/Include -I../Libraries/Device/STM32F4xx/Include -I../Libraries/STM32F4xx_StdPeriph_Driver/inc -I../Utilities/STM32F401-Discovery -O0 -ffunction-sections -fdata-sections -g -fstack-usage -Wall -specs=nano.specs -o src\main.o 
..\src\main.c: In function 'main':
..\src\main.c:25:3: warning: implicit declaration of function 'delay' [-Wimplicit-function-declaration]
   delay(1000000);
   ^~~~~
..\src\main.c: At top level:
..\src\main.c:100:6: warning: conflicting types for 'delay'
 void delay(int a)
      ^~~~~
..\src\main.c:25:3: note: previous implicit declaration of 'delay' was here
   delay(1000000);
   ^~~~~
arm-atollic-eabi-gcc -o AA.elf Libraries\STM32F4xx_StdPeriph_Driver\src\misc.o Libraries\STM32F4xx_StdPeriph_Driver\src\stm32f4xx_adc.o Libraries\STM32F4xx_StdPeriph_Driver\src\stm32f4xx_can.o Libraries\STM32F4xx_StdPeriph_Driver\src\stm32f4xx_crc.o Libraries\STM32F4xx_StdPeriph_Driver\src\stm32f4xx_cryp.o Libraries\STM32F4xx_StdPeriph_Driver\src\stm32f4xx_cryp_aes.o Libraries\STM32F4xx_StdPeriph_Driver\src\stm32f4xx_cryp_des.o Libraries\STM32F4xx_StdPeriph_Driver\src\stm32f4xx_cryp_tdes.o Libraries\STM32F4xx_StdPeriph_Driver\src\stm32f4xx_dac.o Libraries\STM32F4xx_StdPeriph_Driver\src\stm32f4xx_dbgmcu.o Libraries\STM32F4xx_StdPeriph_Driver\src\stm32f4xx_dcmi.o Libraries\STM32F4xx_StdPeriph_Driver\src\stm32f4xx_dma.o Libraries\STM32F4xx_StdPeriph_Driver\src\stm32f4xx_exti.o Libraries\STM32F4xx_StdPeriph_Driver\src\stm32f4xx_flash.o Libraries\STM32F4xx_StdPeriph_Driver\src\stm32f4xx_fsmc.o Libraries\STM32F4xx_StdPeriph_Driver\src\stm32f4xx_gpio.o Libraries\STM32F4xx_StdPeriph_Driver\src\stm32f4xx_hash.o Libraries\STM32F4xx_StdPeriph_Driver\src\stm32f4xx_hash_md5.o Libraries\STM32F4xx_StdPeriph_Driver\src\stm32f4xx_hash_sha1.o Libraries\STM32F4xx_StdPeriph_Driver\src\stm32f4xx_i2c.o Libraries\STM32F4xx_StdPeriph_Driver\src\stm32f4xx_iwdg.o Libraries\STM32F4xx_StdPeriph_Driver\src\stm32f4xx_pwr.o Libraries\STM32F4xx_StdPeriph_Driver\src\stm32f4xx_rcc.o Libraries\STM32F4xx_StdPeriph_Driver\src\stm32f4xx_rng.o Libraries\STM32F4xx_StdPeriph_Driver\src\stm32f4xx_rtc.o Libraries\STM32F4xx_StdPeriph_Driver\src\stm32f4xx_sdio.o Libraries\STM32F4xx_StdPeriph_Driver\src\stm32f4xx_spi.o Libraries\STM32F4xx_StdPeriph_Driver\src\stm32f4xx_syscfg.o Libraries\STM32F4xx_StdPeriph_Driver\src\stm32f4xx_tim.o Libraries\STM32F4xx_StdPeriph_Driver\src\stm32f4xx_usart.o Libraries\STM32F4xx_StdPeriph_Driver\src\stm32f4xx_wwdg.o Utilities\STM32F401-Discovery\stm32f401_discovery.o Utilities\STM32F401-Discovery\stm32f401_discovery_l3gd20.o Utilities\STM32F401-Discovery\stm32f401_discovery_lsm303dlhc.o src\main.o src\startup_stm32f40xx.o src\stm32f4xx_it.o src\system_stm32f4xx.o src\tiny_printf.o -mthumb -mcpu=cortex-m4 -mfloat-abi=hard -mfpu=fpv4-sp-d16 -T..\stm32f4_flash.ld -specs=nosys.specs -static -Wl,-cref,-u,Reset_Handler -Wl,-Map=AA.map -Wl,--gc-sections -Wl,--defsym=malloc_getpagesize_P=0x80 -Wl,--start-group -lc -lm -Wl,--end-group -specs=nano.specs 
C:\Program Files (x86)\Atollic\TrueSTUDIO for ARM 8.0.0\ide\jre\bin\java -jar C:\Program Files (x86)\Atollic\TrueSTUDIO for ARM 8.0.0\Tools\arm-atollic-reports.jar sizeinfo list D:\Documents\Workspaces\Atollic Workspace\AA\Debug\AA.elf 
Generate build reports...
Print size information
   text	   data	    bss	    dec	    hex	filename
   2188	      8	    548	   2744	    ab8	D:\Documents\Workspaces\Atollic Workspace\AA\Debug\AA.elf
Print size information done
Generate listing file
Output sent to: D:\Documents\Workspaces\Atollic Workspace\AA\Debug\AA.list
Generate listing file done
Generate build reports done

18:12:13 Build Finished (took 4s.752ms)

